// Jest Snapshot v1, https://goo.gl/fbAQLP

exports[`Single Post item on list Component tests should match snapshot 1`] = `
<div>
  <div
    class="sc-AxjAm fiDyqx"
  >
    <h1
      class="sc-AxirZ gmymBN"
    >
      Post Mock
    </h1>
    <p
      class="sc-AxiKw cLGqLR"
    >
      Post body with more than 45 charatcters so...
    </p>
  </div>
</div>
`;
